kotlin version: 2.0.21
error message: java.lang.AssertionError: Error occurred while optimizing an expression:
CALL 'public final fun <get-BASE_URL> (): kotlin.String declared in ru.fefu.task_3.network.RetrofitClient' type=kotlin.String origin=GET_PROPERTY
  $this: GET_OBJECT 'CLASS IR_EXTERNAL_DECLARATION_STUB OBJECT name:RetrofitClient modality:FINAL visibility:public superTypes:[kotlin.Any]' type=ru.fefu.task_3.network.RetrofitClient

	at org.jetbrains.kotlin.ir.interpreter.transformer.IrConstTransformer.interpret(IrConstTransformer.kt:144)
	at org.jetbrains.kotlin.ir.interpreter.transformer.IrConstExpressionTransformer.visitCall(IrConstExpressionTransformer.kt:50)
	at org.jetbrains.kotlin.ir.interpreter.transformer.IrConstOnlyNecessaryTransformer.visitCall(IrConstOnlyNecessaryTransformer.kt:53)
	at org.jetbrains.kotlin.ir.interpreter.transformer.IrConstOnlyNecessaryTransformer.visitCall(IrConstOnlyNecessaryTransformer.kt:28)
	at org.jetbrains.kotlin.ir.expressions.IrCall.accept(IrCall.kt:24)
	at org.jetbrains.kotlin.ir.expressions.IrExpression.transform(IrExpression.kt:24)
	at org.jetbrains.kotlin.ir.expressions.IrMemberAccessExpression.transformChildren(IrMemberAccessExpression.kt:67)
	at org.jetbrains.kotlin.ir.interpreter.transformer.IrConstOnlyNecessaryTransformer.visitCall(IrConstOnlyNecessaryTransformer.kt:55)
	at org.jetbrains.kotlin.ir.interpreter.transformer.IrConstOnlyNecessaryTransformer.visitCall(IrConstOnlyNecessaryTransformer.kt:28)
	at org.jetbrains.kotlin.ir.expressions.IrCall.accept(IrCall.kt:24)
	at org.jetbrains.kotlin.ir.expressions.IrExpression.transform(IrExpression.kt:24)
	at org.jetbrains.kotlin.ir.expressions.IrMemberAccessExpression.transformChildren(IrMemberAccessExpression.kt:66)
	at org.jetbrains.kotlin.ir.interpreter.transformer.IrConstOnlyNecessaryTransformer.visitCall(IrConstOnlyNecessaryTransformer.kt:55)
	at org.jetbrains.kotlin.ir.interpreter.transformer.IrConstOnlyNecessaryTransformer.visitCall(IrConstOnlyNecessaryTransformer.kt:28)
	at org.jetbrains.kotlin.ir.expressions.IrCall.accept(IrCall.kt:24)
	at org.jetbrains.kotlin.ir.expressions.IrExpression.transform(IrExpression.kt:24)
	at org.jetbrains.kotlin.ir.expressions.IrExpression.transform(IrExpression.kt:20)
	at org.jetbrains.kotlin.ir.util.TransformKt.transformInPlace(transform.kt:35)
	at org.jetbrains.kotlin.ir.expressions.IrContainerExpression.transformChildren(IrContainerExpression.kt:26)
	at org.jetbrains.kotlin.ir.visitors.IrElementTransformer$DefaultImpls.visitExpression(IrElementTransformer.kt:95)
	at org.jetbrains.kotlin.ir.interpreter.transformer.IrConstExpressionTransformer.visitExpression(IrConstExpressionTransformer.kt:26)
	at org.jetbrains.kotlin.ir.interpreter.transformer.IrConstExpressionTransformer.visitExpression(IrConstExpressionTransformer.kt:26)
	at org.jetbrains.kotlin.ir.visitors.IrElementTransformer$DefaultImpls.visitContainerExpression(IrElementTransformer.kt:135)
	at org.jetbrains.kotlin.ir.interpreter.transformer.IrConstExpressionTransformer.visitContainerExpression(IrConstExpressionTransformer.kt:26)
	at org.jetbrains.kotlin.ir.interpreter.transformer.IrConstExpressionTransformer.visitContainerExpression(IrConstExpressionTransformer.kt:26)
	at org.jetbrains.kotlin.ir.visitors.IrElementTransformer$DefaultImpls.visitBlock(IrElementTransformer.kt:138)
	at org.jetbrains.kotlin.ir.interpreter.transformer.IrConstExpressionTransformer.visitBlock(IrConstExpressionTransformer.kt:26)
	at org.jetbrains.kotlin.ir.interpreter.transformer.IrConstExpressionTransformer.visitBlock(IrConstExpressionTransformer.kt:26)
	at org.jetbrains.kotlin.ir.expressions.IrBlock.accept(IrBlock.kt:18)
	at org.jetbrains.kotlin.ir.expressions.IrExpression.transform(IrExpression.kt:24)
	at org.jetbrains.kotlin.ir.expressions.IrBranch.transformChildren(IrBranch.kt:37)
	at org.jetbrains.kotlin.ir.visitors.IrElementTransformer$DefaultImpls.visitBranch(IrElementTransformer.kt:291)
	at org.jetbrains.kotlin.ir.interpreter.transformer.IrConstExpressionTransformer.visitBranch(IrConstExpressionTransformer.kt:26)
	at org.jetbrains.kotlin.ir.interpreter.transformer.IrConstExpressionTransformer.visitBranch(IrConstExpressionTransformer.kt:26)
	at org.jetbrains.kotlin.ir.expressions.IrBranch.accept(IrBranch.kt:25)
	at org.jetbrains.kotlin.ir.expressions.IrBranch.transform(IrBranch.kt:28)
	at org.jetbrains.kotlin.ir.expressions.IrBranch.transform(IrBranch.kt:19)
	at org.jetbrains.kotlin.ir.util.TransformKt.transformInPlace(transform.kt:35)
	at org.jetbrains.kotlin.ir.expressions.IrWhen.transformChildren(IrWhen.kt:31)
	at org.jetbrains.kotlin.ir.visitors.IrElementTransformer$DefaultImpls.visitExpression(IrElementTransformer.kt:95)
	at org.jetbrains.kotlin.ir.interpreter.transformer.IrConstExpressionTransformer.visitExpression(IrConstExpressionTransformer.kt:26)
	at org.jetbrains.kotlin.ir.interpreter.transformer.IrConstExpressionTransformer.visitExpression(IrConstExpressionTransformer.kt:26)
	at org.jetbrains.kotlin.ir.visitors.IrElementTransformer$DefaultImpls.visitWhen(IrElementTransformer.kt:288)
	at org.jetbrains.kotlin.ir.interpreter.transformer.IrConstExpressionTransformer.visitWhen(IrConstExpressionTransformer.kt:26)
	at org.jetbrains.kotlin.ir.interpreter.transformer.IrConstExpressionTransformer.visitWhen(IrConstExpressionTransformer.kt:26)
	at org.jetbrains.kotlin.ir.expressions.IrWhen.accept(IrWhen.kt:24)
	at org.jetbrains.kotlin.ir.expressions.IrExpression.transform(IrExpression.kt:24)
	at org.jetbrains.kotlin.ir.declarations.IrVariable.transformChildren(IrVariable.kt:43)
	at org.jetbrains.kotlin.ir.visitors.IrElementTransformer$DefaultImpls.visitDeclaration(IrElementTransformer.kt:27)
	at org.jetbrains.kotlin.ir.interpreter.transformer.IrConstExpressionTransformer.visitDeclaration(IrConstExpressionTransformer.kt:26)
	at org.jetbrains.kotlin.ir.interpreter.transformer.IrConstExpressionTransformer.visitDeclaration(IrConstExpressionTransformer.kt:26)
	at org.jetbrains.kotlin.ir.visitors.IrElementTransformer$DefaultImpls.visitVariable(IrElementTransformer.kt:79)
	at org.jetbrains.kotlin.ir.interpreter.transformer.IrConstExpressionTransformer.visitVariable(IrConstExpressionTransformer.kt:26)
	at org.jetbrains.kotlin.ir.interpreter.transformer.IrConstExpressionTransformer.visitVariable(IrConstExpressionTransformer.kt:26)
	at org.jetbrains.kotlin.ir.declarations.IrVariable.accept(IrVariable.kt:36)
	at org.jetbrains.kotlin.ir.IrElementBase.transform(IrElementBase.kt:33)
	at org.jetbrains.kotlin.ir.util.TransformKt.transformInPlace(transform.kt:35)
	at org.jetbrains.kotlin.ir.expressions.IrBlockBody.transformChildren(IrBlockBody.kt:27)
	at org.jetbrains.kotlin.ir.visitors.IrElementTransformer$DefaultImpls.visitBody(IrElementTransformer.kt:100)
	at org.jetbrains.kotlin.ir.interpreter.transformer.IrConstExpressionTransformer.visitBody(IrConstExpressionTransformer.kt:26)
	at org.jetbrains.kotlin.ir.interpreter.transformer.IrConstExpressionTransformer.visitBody(IrConstExpressionTransformer.kt:26)
	at org.jetbrains.kotlin.ir.visitors.IrElementTransformer$DefaultImpls.visitBlockBody(IrElementTransformer.kt:108)
	at org.jetbrains.kotlin.ir.interpreter.transformer.IrConstExpressionTransformer.visitBlockBody(IrConstExpressionTransformer.kt:26)
	at org.jetbrains.kotlin.ir.interpreter.transformer.IrConstExpressionTransformer.visitBlockBody(IrConstExpressionTransformer.kt:26)
	at org.jetbrains.kotlin.ir.expressions.IrBlockBody.accept(IrBlockBody.kt:20)
	at org.jetbrains.kotlin.ir.expressions.IrBody.transform(IrBody.kt:20)
	at org.jetbrains.kotlin.ir.declarations.IrFunction.transformChildren(IrFunction.kt:58)
	at org.jetbrains.kotlin.ir.visitors.IrElementTransformer$DefaultImpls.visitDeclaration(IrElementTransformer.kt:27)
	at org.jetbrains.kotlin.ir.interpreter.transformer.IrConstExpressionTransformer.visitDeclaration(IrConstExpressionTransformer.kt:26)
	at org.jetbrains.kotlin.ir.interpreter.transformer.IrConstExpressionTransformer.visitDeclaration(IrConstExpressionTransformer.kt:26)
	at org.jetbrains.kotlin.ir.visitors.IrElementTransformer$DefaultImpls.visitFunction(IrElementTransformer.kt:44)
	at org.jetbrains.kotlin.ir.interpreter.transformer.IrConstExpressionTransformer.visitFunction(IrConstExpressionTransformer.kt:45)
	at org.jetbrains.kotlin.ir.interpreter.transformer.IrConstExpressionTransformer.visitFunction(IrConstExpressionTransformer.kt:26)
	at org.jetbrains.kotlin.ir.visitors.IrElementTransformer$DefaultImpls.visitSimpleFunction(IrElementTransformer.kt:73)
	at org.jetbrains.kotlin.ir.interpreter.transformer.IrConstExpressionTransformer.visitSimpleFunction(IrConstExpressionTransformer.kt:26)
	at org.jetbrains.kotlin.ir.interpreter.transformer.IrConstExpressionTransformer.visitSimpleFunction(IrConstExpressionTransformer.kt:26)
	at org.jetbrains.kotlin.ir.declarations.IrSimpleFunction.accept(IrSimpleFunction.kt:39)
	at org.jetbrains.kotlin.ir.IrElementBase.transform(IrElementBase.kt:33)
	at org.jetbrains.kotlin.ir.expressions.IrFunctionExpression.transformChildren(IrFunctionExpression.kt:31)
	at org.jetbrains.kotlin.ir.visitors.IrElementTransformer$DefaultImpls.visitExpression(IrElementTransformer.kt:95)
	at org.jetbrains.kotlin.ir.interpreter.transformer.IrConstExpressionTransformer.visitExpression(IrConstExpressionTransformer.kt:26)
	at org.jetbrains.kotlin.ir.interpreter.transformer.IrConstExpressionTransformer.visitExpression(IrConstExpressionTransformer.kt:26)
	at org.jetbrains.kotlin.ir.visitors.IrElementTransformer$DefaultImpls.visitFunctionExpression(IrElementTransformer.kt:227)
	at org.jetbrains.kotlin.ir.interpreter.transformer.IrConstExpressionTransformer.visitFunctionExpression(IrConstExpressionTransformer.kt:26)
	at org.jetbrains.kotlin.ir.interpreter.transformer.IrConstExpressionTransformer.visitFunctionExpression(IrConstExpressionTransformer.kt:26)
	at org.jetbrains.kotlin.ir.expressions.IrFunctionExpression.accept(IrFunctionExpression.kt:24)
	at org.jetbrains.kotlin.ir.expressions.IrExpression.transform(IrExpression.kt:24)
	at org.jetbrains.kotlin.ir.expressions.IrExpression.transform(IrExpression.kt:20)
	at org.jetbrains.kotlin.ir.util.TransformKt.transformInPlace(transform.kt:45)
	at org.jetbrains.kotlin.ir.expressions.IrMemberAccessExpression.transformChildren(IrMemberAccessExpression.kt:68)
	at org.jetbrains.kotlin.ir.interpreter.transformer.IrConstOnlyNecessaryTransformer.visitCall(IrConstOnlyNecessaryTransformer.kt:55)
	at org.jetbrains.kotlin.ir.interpreter.transformer.IrConstOnlyNecessaryTransformer.visitCall(IrConstOnlyNecessaryTransformer.kt:28)
	at org.jetbrains.kotlin.ir.expressions.IrCall.accept(IrCall.kt:24)
	at org.jetbrains.kotlin.ir.expressions.IrExpression.transform(IrExpression.kt:24)
	at org.jetbrains.kotlin.ir.expressions.IrExpression.transform(IrExpression.kt:20)
	at org.jetbrains.kotlin.ir.util.TransformKt.transformInPlace(transform.kt:35)
	at org.jetbrains.kotlin.ir.expressions.IrContainerExpression.transformChildren(IrContainerExpression.kt:26)
	at org.jetbrains.kotlin.ir.visitors.IrElementTransformer$DefaultImpls.visitExpression(IrElementTransformer.kt:95)
	at org.jetbrains.kotlin.ir.interpreter.transformer.IrConstExpressionTransformer.visitExpression(IrConstExpressionTransformer.kt:26)
	at org.jetbrains.kotlin.ir.interpreter.transformer.IrConstExpressionTransformer.visitExpression(IrConstExpressionTransformer.kt:26)
	at org.jetbrains.kotlin.ir.visitors.IrElementTransformer$DefaultImpls.visitContainerExpression(IrElementTransformer.kt:135)
	at org.jetbrains.kotlin.ir.interpreter.transformer.IrConstExpressionTransformer.visitContainerExpression(IrConstExpressionTransformer.kt:26)
	at org.jetbrains.kotlin.ir.interpreter.transformer.IrConstExpressionTransformer.visitContainerExpression(IrConstExpressionTransformer.kt:26)
	at org.jetbrains.kotlin.ir.visitors.IrElementTransformer$DefaultImpls.visitBlock(IrElementTransformer.kt:138)
	at org.jetbrains.kotlin.ir.interpreter.transformer.IrConstExpressionTransformer.visitBlock(IrConstExpressionTransformer.kt:26)
	at org.jetbrains.kotlin.ir.interpreter.transformer.IrConstExpressionTransformer.visitBlock(IrConstExpressionTransformer.kt:26)
	at org.jetbrains.kotlin.ir.expressions.IrBlock.accept(IrBlock.kt:18)
	at org.jetbrains.kotlin.ir.expressions.IrExpression.transform(IrExpression.kt:24)
	at org.jetbrains.kotlin.ir.expressions.IrBranch.transformChildren(IrBranch.kt:37)
	at org.jetbrains.kotlin.ir.visitors.IrElementTransformer$DefaultImpls.visitBranch(IrElementTransformer.kt:291)
	at org.jetbrains.kotlin.ir.interpreter.transformer.IrConstExpressionTransformer.visitBranch(IrConstExpressionTransformer.kt:26)
	at org.jetbrains.kotlin.ir.interpreter.transformer.IrConstExpressionTransformer.visitBranch(IrConstExpressionTransformer.kt:26)
	at org.jetbrains.kotlin.ir.expressions.IrBranch.accept(IrBranch.kt:25)
	at org.jetbrains.kotlin.ir.expressions.IrBranch.transform(IrBranch.kt:28)
	at org.jetbrains.kotlin.ir.expressions.IrBranch.transform(IrBranch.kt:19)
	at org.jetbrains.kotlin.ir.util.TransformKt.transformInPlace(transform.kt:35)
	at org.jetbrains.kotlin.ir.expressions.IrWhen.transformChildren(IrWhen.kt:31)
	at org.jetbrains.kotlin.ir.visitors.IrElementTransformer$DefaultImpls.visitExpression(IrElementTransformer.kt:95)
	at org.jetbrains.kotlin.ir.interpreter.transformer.IrConstExpressionTransformer.visitExpression(IrConstExpressionTransformer.kt:26)
	at org.jetbrains.kotlin.ir.interpreter.transformer.IrConstExpressionTransformer.visitExpression(IrConstExpressionTransformer.kt:26)
	at org.jetbrains.kotlin.ir.visitors.IrElementTransformer$DefaultImpls.visitWhen(IrElementTransformer.kt:288)
	at org.jetbrains.kotlin.ir.interpreter.transformer.IrConstExpressionTransformer.visitWhen(IrConstExpressionTransformer.kt:26)
	at org.jetbrains.kotlin.ir.interpreter.transformer.IrConstExpressionTransformer.visitWhen(IrConstExpressionTransformer.kt:26)
	at org.jetbrains.kotlin.ir.expressions.IrWhen.accept(IrWhen.kt:24)
	at org.jetbrains.kotlin.ir.expressions.IrExpression.transform(IrExpression.kt:24)
	at org.jetbrains.kotlin.ir.expressions.IrExpression.transform(IrExpression.kt:20)
	at org.jetbrains.kotlin.ir.util.TransformKt.transformInPlace(transform.kt:35)
	at org.jetbrains.kotlin.ir.expressions.IrContainerExpression.transformChildren(IrContainerExpression.kt:26)
	at org.jetbrains.kotlin.ir.visitors.IrElementTransformer$DefaultImpls.visitExpression(IrElementTransformer.kt:95)
	at org.jetbrains.kotlin.ir.interpreter.transformer.IrConstExpressionTransformer.visitExpression(IrConstExpressionTransformer.kt:26)
	at org.jetbrains.kotlin.ir.interpreter.transformer.IrConstExpressionTransformer.visitExpression(IrConstExpressionTransformer.kt:26)
	at org.jetbrains.kotlin.ir.visitors.IrElementTransformer$DefaultImpls.visitContainerExpression(IrElementTransformer.kt:135)
	at org.jetbrains.kotlin.ir.interpreter.transformer.IrConstExpressionTransformer.visitContainerExpression(IrConstExpressionTransformer.kt:26)
	at org.jetbrains.kotlin.ir.interpreter.transformer.IrConstExpressionTransformer.visitContainerExpression(IrConstExpressionTransformer.kt:26)
	at org.jetbrains.kotlin.ir.visitors.IrElementTransformer$DefaultImpls.visitBlock(IrElementTransformer.kt:138)
	at org.jetbrains.kotlin.ir.interpreter.transformer.IrConstExpressionTransformer.visitBlock(IrConstExpressionTransformer.kt:26)
	at org.jetbrains.kotlin.ir.interpreter.transformer.IrConstExpressionTransformer.visitBlock(IrConstExpressionTransformer.kt:26)
	at org.jetbrains.kotlin.ir.expressions.IrBlock.accept(IrBlock.kt:18)
	at org.jetbrains.kotlin.ir.expressions.IrExpression.transform(IrExpression.kt:24)
	at org.jetbrains.kotlin.ir.expressions.IrExpression.transform(IrExpression.kt:20)
	at org.jetbrains.kotlin.ir.util.TransformKt.transformInPlace(transform.kt:35)
	at org.jetbrains.kotlin.ir.expressions.IrBlockBody.transformChildren(IrBlockBody.kt:27)
	at org.jetbrains.kotlin.ir.visitors.IrElementTransformer$DefaultImpls.visitBody(IrElementTransformer.kt:100)
	at org.jetbrains.kotlin.ir.interpreter.transformer.IrConstExpressionTransformer.visitBody(IrConstExpressionTransformer.kt:26)
	at org.jetbrains.kotlin.ir.interpreter.transformer.IrConstExpressionTransformer.visitBody(IrConstExpressionTransformer.kt:26)
	at org.jetbrains.kotlin.ir.visitors.IrElementTransformer$DefaultImpls.visitBlockBody(IrElementTransformer.kt:108)
	at org.jetbrains.kotlin.ir.interpreter.transformer.IrConstExpressionTransformer.visitBlockBody(IrConstExpressionTransformer.kt:26)
	at org.jetbrains.kotlin.ir.interpreter.transformer.IrConstExpressionTransformer.visitBlockBody(IrConstExpressionTransformer.kt:26)
	at org.jetbrains.kotlin.ir.expressions.IrBlockBody.accept(IrBlockBody.kt:20)
	at org.jetbrains.kotlin.ir.expressions.IrBody.transform(IrBody.kt:20)
	at org.jetbrains.kotlin.ir.declarations.IrFunction.transformChildren(IrFunction.kt:58)
	at org.jetbrains.kotlin.ir.visitors.IrElementTransformer$DefaultImpls.visitDeclaration(IrElementTransformer.kt:27)
	at org.jetbrains.kotlin.ir.interpreter.transformer.IrConstExpressionTransformer.visitDeclaration(IrConstExpressionTransformer.kt:26)
	at org.jetbrains.kotlin.ir.interpreter.transformer.IrConstExpressionTransformer.visitDeclaration(IrConstExpressionTransformer.kt:26)
	at org.jetbrains.kotlin.ir.visitors.IrElementTransformer$DefaultImpls.visitFunction(IrElementTransformer.kt:44)
	at org.jetbrains.kotlin.ir.interpreter.transformer.IrConstExpressionTransformer.visitFunction(IrConstExpressionTransformer.kt:45)
	at org.jetbrains.kotlin.ir.interpreter.transformer.IrConstExpressionTransformer.visitFunction(IrConstExpressionTransformer.kt:26)
	at org.jetbrains.kotlin.ir.visitors.IrElementTransformer$DefaultImpls.visitSimpleFunction(IrElementTransformer.kt:73)
	at org.jetbrains.kotlin.ir.interpreter.transformer.IrConstExpressionTransformer.visitSimpleFunction(IrConstExpressionTransformer.kt:26)
	at org.jetbrains.kotlin.ir.interpreter.transformer.IrConstExpressionTransformer.visitSimpleFunction(IrConstExpressionTransformer.kt:26)
	at org.jetbrains.kotlin.ir.declarations.IrSimpleFunction.accept(IrSimpleFunction.kt:39)
	at org.jetbrains.kotlin.ir.IrElementBase.transform(IrElementBase.kt:33)
	at org.jetbrains.kotlin.ir.expressions.IrFunctionExpression.transformChildren(IrFunctionExpression.kt:31)
	at org.jetbrains.kotlin.ir.visitors.IrElementTransformer$DefaultImpls.visitExpression(IrElementTransformer.kt:95)
	at org.jetbrains.kotlin.ir.interpreter.transformer.IrConstExpressionTransformer.visitExpression(IrConstExpressionTransformer.kt:26)
	at org.jetbrains.kotlin.ir.interpreter.transformer.IrConstExpressionTransformer.visitExpression(IrConstExpressionTransformer.kt:26)
	at org.jetbrains.kotlin.ir.visitors.IrElementTransformer$DefaultImpls.visitFunctionExpression(IrElementTransformer.kt:227)
	at org.jetbrains.kotlin.ir.interpreter.transformer.IrConstExpressionTransformer.visitFunctionExpression(IrConstExpressionTransformer.kt:26)
	at org.jetbrains.kotlin.ir.interpreter.transformer.IrConstExpressionTransformer.visitFunctionExpression(IrConstExpressionTransformer.kt:26)
	at org.jetbrains.kotlin.ir.expressions.IrFunctionExpression.accept(IrFunctionExpression.kt:24)
	at org.jetbrains.kotlin.ir.expressions.IrExpression.transform(IrExpression.kt:24)
	at org.jetbrains.kotlin.ir.expressions.IrExpression.transform(IrExpression.kt:20)
	at org.jetbrains.kotlin.ir.util.TransformKt.transformInPlace(transform.kt:45)
	at org.jetbrains.kotlin.ir.expressions.IrMemberAccessExpression.transformChildren(IrMemberAccessExpression.kt:68)
	at org.jetbrains.kotlin.ir.interpreter.transformer.IrConstOnlyNecessaryTransformer.visitCall(IrConstOnlyNecessaryTransformer.kt:55)
	at org.jetbrains.kotlin.ir.interpreter.transformer.IrConstOnlyNecessaryTransformer.visitCall(IrConstOnlyNecessaryTransformer.kt:28)
	at org.jetbrains.kotlin.ir.expressions.IrCall.accept(IrCall.kt:24)
	at org.jetbrains.kotlin.ir.expressions.IrExpression.transform(IrExpression.kt:24)
	at org.jetbrains.kotlin.ir.expressions.IrExpression.transform(IrExpression.kt:20)
	at org.jetbrains.kotlin.ir.util.TransformKt.transformInPlace(transform.kt:35)
	at org.jetbrains.kotlin.ir.expressions.IrBlockBody.transformChildren(IrBlockBody.kt:27)
	at org.jetbrains.kotlin.ir.visitors.IrElementTransformer$DefaultImpls.visitBody(IrElementTransformer.kt:100)
	at org.jetbrains.kotlin.ir.interpreter.transformer.IrConstExpressionTransformer.visitBody(IrConstExpressionTransformer.kt:26)
	at org.jetbrains.kotlin.ir.interpreter.transformer.IrConstExpressionTransformer.visitBody(IrConstExpressionTransformer.kt:26)
	at org.jetbrains.kotlin.ir.visitors.IrElementTransformer$DefaultImpls.visitBlockBody(IrElementTransformer.kt:108)
	at org.jetbrains.kotlin.ir.interpreter.transformer.IrConstExpressionTransformer.visitBlockBody(IrConstExpressionTransformer.kt:26)
	at org.jetbrains.kotlin.ir.interpreter.transformer.IrConstExpressionTransformer.visitBlockBody(IrConstExpressionTransformer.kt:26)
	at org.jetbrains.kotlin.ir.expressions.IrBlockBody.accept(IrBlockBody.kt:20)
	at org.jetbrains.kotlin.ir.expressions.IrBody.transform(IrBody.kt:20)
	at org.jetbrains.kotlin.ir.declarations.IrFunction.transformChildren(IrFunction.kt:58)
	at org.jetbrains.kotlin.ir.visitors.IrElementTransformer$DefaultImpls.visitDeclaration(IrElementTransformer.kt:27)
	at org.jetbrains.kotlin.ir.interpreter.transformer.IrConstExpressionTransformer.visitDeclaration(IrConstExpressionTransformer.kt:26)
	at org.jetbrains.kotlin.ir.interpreter.transformer.IrConstExpressionTransformer.visitDeclaration(IrConstExpressionTransformer.kt:26)
	at org.jetbrains.kotlin.ir.visitors.IrElementTransformer$DefaultImpls.visitFunction(IrElementTransformer.kt:44)
	at org.jetbrains.kotlin.ir.interpreter.transformer.IrConstExpressionTransformer.visitFunction(IrConstExpressionTransformer.kt:45)
	at org.jetbrains.kotlin.ir.interpreter.transformer.IrConstExpressionTransformer.visitFunction(IrConstExpressionTransformer.kt:26)
	at org.jetbrains.kotlin.ir.visitors.IrElementTransformer$DefaultImpls.visitSimpleFunction(IrElementTransformer.kt:73)
	at org.jetbrains.kotlin.ir.interpreter.transformer.IrConstExpressionTransformer.visitSimpleFunction(IrConstExpressionTransformer.kt:26)
	at org.jetbrains.kotlin.ir.interpreter.transformer.IrConstExpressionTransformer.visitSimpleFunction(IrConstExpressionTransformer.kt:26)
	at org.jetbrains.kotlin.ir.declarations.IrSimpleFunction.accept(IrSimpleFunction.kt:39)
	at org.jetbrains.kotlin.ir.IrElementBase.transform(IrElementBase.kt:33)
	at org.jetbrains.kotlin.ir.expressions.IrFunctionExpression.transformChildren(IrFunctionExpression.kt:31)
	at org.jetbrains.kotlin.ir.visitors.IrElementTransformer$DefaultImpls.visitExpression(IrElementTransformer.kt:95)
	at org.jetbrains.kotlin.ir.interpreter.transformer.IrConstExpressionTransformer.visitExpression(IrConstExpressionTransformer.kt:26)
	at org.jetbrains.kotlin.ir.interpreter.transformer.IrConstExpressionTransformer.visitExpression(IrConstExpressionTransformer.kt:26)
	at org.jetbrains.kotlin.ir.visitors.IrElementTransformer$DefaultImpls.visitFunctionExpression(IrElementTransformer.kt:227)
	at org.jetbrains.kotlin.ir.interpreter.transformer.IrConstExpressionTransformer.visitFunctionExpression(IrConstExpressionTransformer.kt:26)
	at org.jetbrains.kotlin.ir.interpreter.transformer.IrConstExpressionTransformer.visitFunctionExpression(IrConstExpressionTransformer.kt:26)
	at org.jetbrains.kotlin.ir.expressions.IrFunctionExpression.accept(IrFunctionExpression.kt:24)
	at org.jetbrains.kotlin.ir.expressions.IrExpression.transform(IrExpression.kt:24)
	at org.jetbrains.kotlin.ir.expressions.IrExpression.transform(IrExpression.kt:20)
	at org.jetbrains.kotlin.ir.util.TransformKt.transformInPlace(transform.kt:45)
	at org.jetbrains.kotlin.ir.expressions.IrMemberAccessExpression.transformChildren(IrMemberAccessExpression.kt:68)
	at org.jetbrains.kotlin.ir.interpreter.transformer.IrConstOnlyNecessaryTransformer.visitCall(IrConstOnlyNecessaryTransformer.kt:55)
	at org.jetbrains.kotlin.ir.interpreter.transformer.IrConstOnlyNecessaryTransformer.visitCall(IrConstOnlyNecessaryTransformer.kt:28)
	at org.jetbrains.kotlin.ir.expressions.IrCall.accept(IrCall.kt:24)
	at org.jetbrains.kotlin.ir.expressions.IrExpression.transform(IrExpression.kt:24)
	at org.jetbrains.kotlin.ir.expressions.IrExpression.transform(IrExpression.kt:20)
	at org.jetbrains.kotlin.ir.util.TransformKt.transformInPlace(transform.kt:35)
	at org.jetbrains.kotlin.ir.expressions.IrBlockBody.transformChildren(IrBlockBody.kt:27)
	at org.jetbrains.kotlin.ir.visitors.IrElementTransformer$DefaultImpls.visitBody(IrElementTransformer.kt:100)
	at org.jetbrains.kotlin.ir.interpreter.transformer.IrConstExpressionTransformer.visitBody(IrConstExpressionTransformer.kt:26)
	at org.jetbrains.kotlin.ir.interpreter.transformer.IrConstExpressionTransformer.visitBody(IrConstExpressionTransformer.kt:26)
	at org.jetbrains.kotlin.ir.visitors.IrElementTransformer$DefaultImpls.visitBlockBody(IrElementTransformer.kt:108)
	at org.jetbrains.kotlin.ir.interpreter.transformer.IrConstExpressionTransformer.visitBlockBody(IrConstExpressionTransformer.kt:26)
	at org.jetbrains.kotlin.ir.interpreter.transformer.IrConstExpressionTransformer.visitBlockBody(IrConstExpressionTransformer.kt:26)
	at org.jetbrains.kotlin.ir.expressions.IrBlockBody.accept(IrBlockBody.kt:20)
	at org.jetbrains.kotlin.ir.expressions.IrBody.transform(IrBody.kt:20)
	at org.jetbrains.kotlin.ir.declarations.IrFunction.transformChildren(IrFunction.kt:58)
	at org.jetbrains.kotlin.ir.visitors.IrElementTransformer$DefaultImpls.visitDeclaration(IrElementTransformer.kt:27)
	at org.jetbrains.kotlin.ir.interpreter.transformer.IrConstExpressionTransformer.visitDeclaration(IrConstExpressionTransformer.kt:26)
	at org.jetbrains.kotlin.ir.interpreter.transformer.IrConstExpressionTransformer.visitDeclaration(IrConstExpressionTransformer.kt:26)
	at org.jetbrains.kotlin.ir.visitors.IrElementTransformer$DefaultImpls.visitFunction(IrElementTransformer.kt:44)
	at org.jetbrains.kotlin.ir.interpreter.transformer.IrConstExpressionTransformer.visitFunction(IrConstExpressionTransformer.kt:45)
	at org.jetbrains.kotlin.ir.interpreter.transformer.IrConstExpressionTransformer.visitFunction(IrConstExpressionTransformer.kt:26)
	at org.jetbrains.kotlin.ir.visitors.IrElementTransformer$DefaultImpls.visitSimpleFunction(IrElementTransformer.kt:73)
	at org.jetbrains.kotlin.ir.interpreter.transformer.IrConstExpressionTransformer.visitSimpleFunction(IrConstExpressionTransformer.kt:26)
	at org.jetbrains.kotlin.ir.interpreter.transformer.IrConstExpressionTransformer.visitSimpleFunction(IrConstExpressionTransformer.kt:26)
	at org.jetbrains.kotlin.ir.declarations.IrSimpleFunction.accept(IrSimpleFunction.kt:39)
	at org.jetbrains.kotlin.ir.IrElementBase.transform(IrElementBase.kt:33)
	at org.jetbrains.kotlin.ir.util.TransformKt.transformInPlace(transform.kt:35)
	at org.jetbrains.kotlin.ir.declarations.IrFile.transformChildren(IrFile.kt:38)
	at org.jetbrains.kotlin.ir.visitors.IrElementTransformer$DefaultImpls.visitFile(IrElementTransformer.kt:90)
	at org.jetbrains.kotlin.ir.interpreter.transformer.IrConstExpressionTransformer.visitFile(IrConstExpressionTransformer.kt:26)
	at org.jetbrains.kotlin.ir.interpreter.transformer.IrConstExpressionTransformer.visitFile(IrConstExpressionTransformer.kt:26)
	at org.jetbrains.kotlin.ir.declarations.IrFile.accept(IrFile.kt:28)
	at org.jetbrains.kotlin.ir.declarations.IrFile.transform(IrFile.kt:31)
	at org.jetbrains.kotlin.ir.declarations.IrFile.transform(IrFile.kt:20)
	at org.jetbrains.kotlin.ir.interpreter.transformer.IrConstTransformerKt.transformConst(IrConstTransformer.kt:56)
	at org.jetbrains.kotlin.ir.interpreter.transformer.IrConstTransformerKt.transformConst$default(IrConstTransformer.kt:33)
	at org.jetbrains.kotlin.fir.backend.Fir2IrConverter$Companion.evaluateConstants(Fir2IrConverter.kt:588)
	at org.jetbrains.kotlin.fir.pipeline.Fir2IrPipeline.evaluateConstants(convertToIr.kt:331)
	at org.jetbrains.kotlin.fir.pipeline.Fir2IrPipeline.runActualizationPipeline(convertToIr.kt:237)
	at org.jetbrains.kotlin.fir.pipeline.Fir2IrPipeline.convertToIrAndActualize(convertToIr.kt:130)
	at org.jetbrains.kotlin.fir.pipeline.ConvertToIrKt.convertToIrAndActualize(convertToIr.kt:99)
	at org.jetbrains.kotlin.fir.pipeline.ConvertToIrKt.convertToIrAndActualize$default(convertToIr.kt:72)
	at org.jetbrains.kotlin.cli.jvm.compiler.pipeline.JvmCompilerPipelineKt.convertToIrAndActualizeForJvm(jvmCompilerPipeline.kt:196)
	at org.jetbrains.kotlin.cli.jvm.compiler.pipeline.JvmCompilerPipelineKt.convertAnalyzedFirToIr(jvmCompilerPipeline.kt:169)
	at org.jetbrains.kotlin.cli.jvm.compiler.pipeline.JvmCompilerPipelineKt.compileModulesUsingFrontendIrAndLightTree(jvmCompilerPipeline.kt:140)
	at org.jetbrains.kotlin.cli.jvm.K2JVMCompiler.doExecute(K2JVMCompiler.kt:148)
	at org.jetbrains.kotlin.cli.jvm.K2JVMCompiler.doExecute(K2JVMCompiler.kt:43)
	at org.jetbrains.kotlin.cli.common.CLICompiler.execImpl(CLICompiler.kt:103)
	at org.jetbrains.kotlin.cli.common.CLICompiler.execImpl(CLICompiler.kt:49)
	at org.jetbrains.kotlin.cli.common.CLITool.exec(CLITool.kt:101)
	at org.jetbrains.kotlin.incremental.IncrementalJvmCompilerRunner.runCompiler(IncrementalJvmCompilerRunner.kt:464)
	at org.jetbrains.kotlin.incremental.IncrementalJvmCompilerRunner.runCompiler(IncrementalJvmCompilerRunner.kt:73)
	at org.jetbrains.kotlin.incremental.IncrementalCompilerRunner.doCompile(IncrementalCompilerRunner.kt:506)
	at org.jetbrains.kotlin.incremental.IncrementalCompilerRunner.compileImpl(IncrementalCompilerRunner.kt:423)
	at org.jetbrains.kotlin.incremental.IncrementalCompilerRunner.tryCompileIncrementally$lambda$9$compile(IncrementalCompilerRunner.kt:249)
	at org.jetbrains.kotlin.incremental.IncrementalCompilerRunner.tryCompileIncrementally(IncrementalCompilerRunner.kt:267)
	at org.jetbrains.kotlin.incremental.IncrementalCompilerRunner.compile(IncrementalCompilerRunner.kt:120)
	at org.jetbrains.kotlin.daemon.CompileServiceImplBase.execIncrementalCompiler(CompileServiceImpl.kt:675)
	at org.jetbrains.kotlin.daemon.CompileServiceImplBase.access$execIncrementalCompiler(CompileServiceImpl.kt:92)
	at org.jetbrains.kotlin.daemon.CompileServiceImpl.compile(CompileServiceImpl.kt:1660)
	at java.base/jdk.internal.reflect.DirectMethodHandleAccessor.invoke(DirectMethodHandleAccessor.java:103)
	at java.base/java.lang.reflect.Method.invoke(Method.java:580)
	at java.rmi/sun.rmi.server.UnicastServerRef.dispatch(UnicastServerRef.java:360)
	at java.rmi/sun.rmi.transport.Transport$1.run(Transport.java:200)
	at java.rmi/sun.rmi.transport.Transport$1.run(Transport.java:197)
	at java.base/java.security.AccessController.doPrivileged(AccessController.java:714)
	at java.rmi/sun.rmi.transport.Transport.serviceCall(Transport.java:196)
	at java.rmi/sun.rmi.transport.tcp.TCPTransport.handleMessages(TCPTransport.java:598)
	at java.rmi/sun.rmi.transport.tcp.TCPTransport$ConnectionHandler.run0(TCPTransport.java:844)
	at java.rmi/sun.rmi.transport.tcp.TCPTransport$ConnectionHandler.lambda$run$0(TCPTransport.java:721)
	at java.base/java.security.AccessController.doPrivileged(AccessController.java:400)
	at java.rmi/sun.rmi.transport.tcp.TCPTransport$ConnectionHandler.run(TCPTransport.java:720)
	at java.base/java.util.concurrent.ThreadPoolExecutor.runWorker(ThreadPoolExecutor.java:1144)
	at java.base/java.util.concurrent.ThreadPoolExecutor$Worker.run(ThreadPoolExecutor.java:642)
	at java.base/java.lang.Thread.run(Thread.java:1583)
Caused by: org.jetbrains.kotlin.utils.exceptions.KotlinIllegalArgumentExceptionWithAttachments: Exception was thrown during transformation of class org.jetbrains.kotlin.fir.declarations.impl.FirPropertyImpl
	at org.jetbrains.kotlin.fir.backend.generators.Fir2IrCallableDeclarationsGenerator.createIrProperty(Fir2IrCallableDeclarationsGenerator.kt:1157)
	at org.jetbrains.kotlin.fir.backend.generators.Fir2IrCallableDeclarationsGenerator.createIrProperty$default(Fir2IrCallableDeclarationsGenerator.kt:216)
	at org.jetbrains.kotlin.fir.backend.Fir2IrDeclarationStorage.createAndCacheIrPropertySymbols(Fir2IrDeclarationStorage.kt:668)
	at org.jetbrains.kotlin.fir.backend.Fir2IrDeclarationStorage.getIrPropertySymbols(Fir2IrDeclarationStorage.kt:654)
	at org.jetbrains.kotlin.fir.backend.Fir2IrDeclarationStorage.getIrPropertySymbol(Fir2IrDeclarationStorage.kt:645)
	at org.jetbrains.kotlin.fir.lazy.Fir2IrLazyClass.declarations_delegate$lambda$10$addDeclarationsFromScope$lambda$8(Fir2IrLazyClass.kt:214)
	at org.jetbrains.kotlin.fir.scopes.impl.FirScopeWithCallableCopyReturnTypeUpdater.processPropertiesByName$lambda$1(FirScopeWithCallableCopyReturnTypeUpdater.kt:39)
	at org.jetbrains.kotlin.fir.scopes.impl.AbstractFirUseSiteMemberScope.processPropertiesByName(AbstractFirUseSiteMemberScope.kt:158)
	at org.jetbrains.kotlin.fir.scopes.impl.FirScopeWithCallableCopyReturnTypeUpdater.processPropertiesByName(FirScopeWithCallableCopyReturnTypeUpdater.kt:37)
	at org.jetbrains.kotlin.fir.lazy.Fir2IrLazyClass.declarations_delegate$lambda$10$addDeclarationsFromScope(Fir2IrLazyClass.kt:198)
	at org.jetbrains.kotlin.fir.lazy.Fir2IrLazyClass.declarations_delegate$lambda$10(Fir2IrLazyClass.kt:222)
	at org.jetbrains.kotlin.ir.declarations.lazy.SynchronizedLazyVar.getValue(lazyUtil.kt:29)
	at org.jetbrains.kotlin.ir.declarations.lazy.SynchronizedLazyVar.getValue(lazyUtil.kt:40)
	at org.jetbrains.kotlin.fir.lazy.Fir2IrLazyClass.getDeclarations(Fir2IrLazyClass.kt:153)
	at org.jetbrains.kotlin.ir.util.IrUtilsKt.getConstructors(IrUtils.kt:240)
	at org.jetbrains.kotlin.ir.interpreter.IrInterpreter.interpretGetObjectValue$lambda$19(IrInterpreter.kt:405)
	at org.jetbrains.kotlin.ir.interpreter.DefaultCallInterceptor.interceptGetObjectValue(CallInterceptor.kt:113)
	at org.jetbrains.kotlin.ir.interpreter.IrInterpreter.interpretGetObjectValue(IrInterpreter.kt:400)
	at org.jetbrains.kotlin.ir.interpreter.IrInterpreter.interpret(IrInterpreter.kt:105)
	at org.jetbrains.kotlin.ir.interpreter.IrInterpreter.handle(IrInterpreter.kt:52)
	at org.jetbrains.kotlin.ir.interpreter.IrInterpreter.interpret(IrInterpreter.kt:63)
	at org.jetbrains.kotlin.ir.interpreter.transformer.IrConstTransformer.interpret(IrConstTransformer.kt:138)
	... 288 more
Caused by: java.lang.IllegalStateException: Could not read file: C:/Users/Q1/Documents/eva/Task3/app/build/tmp/kotlin-classes/debug/ru/fefu/task_3/network/ShikimoriApi.class; size in bytes: -1; file type: CLASS
	at org.jetbrains.kotlin.load.kotlin.VirtualFileKotlinClass$Factory.logFileReadingErrorMessage(VirtualFileKotlinClass.kt:77)
	at org.jetbrains.kotlin.load.kotlin.VirtualFileKotlinClass$Factory.create$lambda$3(VirtualFileKotlinClass.kt:68)
	at org.jetbrains.kotlin.util.PerformanceCounter.time(PerformanceCounter.kt:90)
	at org.jetbrains.kotlin.load.kotlin.VirtualFileKotlinClass$Factory.create$frontend_common_jvm(VirtualFileKotlinClass.kt:51)
	at org.jetbrains.kotlin.load.kotlin.KotlinBinaryClassCache$Companion.getKotlinBinaryClassOrClassFileContent$lambda$0(KotlinBinaryClassCache.kt:89)
	at org.jetbrains.kotlin.com.intellij.mock.MockApplication.runReadAction(MockApplication.java:190)
	at org.jetbrains.kotlin.load.kotlin.KotlinBinaryClassCache$Companion.getKotlinBinaryClassOrClassFileContent(KotlinBinaryClassCache.kt:88)
	at org.jetbrains.kotlin.load.kotlin.KotlinBinaryClassCache$Companion.getKotlinBinaryClassOrClassFileContent$default(KotlinBinaryClassCache.kt:72)
	at org.jetbrains.kotlin.load.kotlin.VirtualFileFinder.findKotlinClassOrContent(VirtualFileFinder.kt:37)
	at org.jetbrains.kotlin.fir.java.deserialization.JvmClassFileBasedSymbolProvider.extractClassMetadata(JvmClassFileBasedSymbolProvider.kt:161)
	at org.jetbrains.kotlin.fir.deserialization.AbstractFirDeserializedSymbolProvider.findAndDeserializeClass(AbstractFirDeserializedSymbolProvider.kt:228)
	at org.jetbrains.kotlin.fir.deserialization.AbstractFirDeserializedSymbolProvider.classCache$lambda$5(AbstractFirDeserializedSymbolProvider.kt:162)
	at org.jetbrains.kotlin.fir.caches.FirThreadUnsafeCacheWithPostCompute.getValue(FirThreadUnsafeCachesFactory.kt:58)
	at org.jetbrains.kotlin.fir.deserialization.AbstractFirDeserializedSymbolProvider.getClass(AbstractFirDeserializedSymbolProvider.kt:314)
	at org.jetbrains.kotlin.fir.deserialization.AbstractFirDeserializedSymbolProvider.getClass$default(AbstractFirDeserializedSymbolProvider.kt:297)
	at org.jetbrains.kotlin.fir.deserialization.AbstractFirDeserializedSymbolProvider.getClassLikeSymbolByClassId(AbstractFirDeserializedSymbolProvider.kt:371)
	at org.jetbrains.kotlin.fir.resolve.providers.impl.FirCachingCompositeSymbolProvider.computeClass(FirCachingCompositeSymbolProvider.kt:147)
	at org.jetbrains.kotlin.fir.resolve.providers.impl.FirCachingCompositeSymbolProvider.access$computeClass(FirCachingCompositeSymbolProvider.kt:27)
	at org.jetbrains.kotlin.fir.resolve.providers.impl.FirCachingCompositeSymbolProvider$special$$inlined$createCache$1.invoke(FirCachesFactory.kt:73)
	at org.jetbrains.kotlin.fir.resolve.providers.impl.FirCachingCompositeSymbolProvider$special$$inlined$createCache$1.invoke(FirCachesFactory.kt:71)
	at org.jetbrains.kotlin.fir.caches.FirThreadUnsafeCache.getValue(FirThreadUnsafeCachesFactory.kt:40)
	at org.jetbrains.kotlin.fir.resolve.providers.impl.FirCachingCompositeSymbolProvider.getClassLikeSymbolByClassId(FirCachingCompositeSymbolProvider.kt:174)
	at org.jetbrains.kotlin.fir.resolve.LookupTagUtilsKt.toSymbol(LookupTagUtils.kt:59)
	at org.jetbrains.kotlin.fir.resolve.LookupTagUtilsKt.toSymbol(LookupTagUtils.kt:44)
	at org.jetbrains.kotlin.fir.backend.Fir2IrTypeConverter.toIrType(Fir2IrTypeConverter.kt:115)
	at org.jetbrains.kotlin.fir.backend.Fir2IrTypeConverter.toIrType$default(Fir2IrTypeConverter.kt:99)
	at org.jetbrains.kotlin.fir.backend.Fir2IrTypeConverter.toIrType(Fir2IrTypeConverter.kt:86)
	at org.jetbrains.kotlin.fir.backend.Fir2IrTypeConverterKt.toIrType(Fir2IrTypeConverter.kt:357)
	at org.jetbrains.kotlin.fir.backend.Fir2IrTypeConverterKt.toIrType$default(Fir2IrTypeConverter.kt:355)
	at org.jetbrains.kotlin.fir.lazy.Fir2IrLazyProperty.type_delegate$lambda$0(Fir2IrLazyProperty.kt:106)
	at kotlin.SynchronizedLazyImpl.getValue(LazyJVM.kt:74)
	at org.jetbrains.kotlin.fir.lazy.Fir2IrLazyProperty.getType(Fir2IrLazyProperty.kt:105)
	at org.jetbrains.kotlin.fir.lazy.Fir2IrLazyProperty.<init>(Fir2IrLazyProperty.kt:181)
	at org.jetbrains.kotlin.fir.backend.generators.Fir2IrLazyDeclarationsGenerator.createIrLazyProperty$fir2ir(Fir2IrLazyDeclarationsGenerator.kt:53)
	at org.jetbrains.kotlin.fir.backend.generators.Fir2IrCallableDeclarationsGenerator.createIrProperty(Fir2IrCallableDeclarationsGenerator.kt:245)
	... 309 more
Caused by: java.nio.file.NoSuchFileException: C:\Users\Q1\Documents\eva\Task3\app\build\tmp\kotlin-classes\debug\ru\fefu\task_3\network\ShikimoriApi.class
	at java.base/sun.nio.fs.WindowsException.translateToIOException(WindowsException.java:85)
	at java.base/sun.nio.fs.WindowsException.rethrowAsIOException(WindowsException.java:103)
	at java.base/sun.nio.fs.WindowsException.rethrowAsIOException(WindowsException.java:108)
	at java.base/sun.nio.fs.WindowsFileSystemProvider.newByteChannel(WindowsFileSystemProvider.java:234)
	at java.base/java.nio.file.Files.newByteChannel(Files.java:379)
	at java.base/java.nio.file.Files.newByteChannel(Files.java:431)
	at java.base/java.nio.file.Files.readAllBytes(Files.java:3268)
	at org.jetbrains.kotlin.com.intellij.openapi.vfs.local.CoreLocalVirtualFile.contentsToByteArray(CoreLocalVirtualFile.java:148)
	at org.jetbrains.kotlin.com.intellij.openapi.vfs.VirtualFile.contentsToByteArray(VirtualFile.java:627)
	at org.jetbrains.kotlin.load.kotlin.VirtualFileKotlinClass$Factory.create$lambda$3(VirtualFileKotlinClass.kt:55)
	... 342 more


error message: Daemon compilation failed: null
java.lang.Exception
	at org.jetbrains.kotlin.daemon.common.CompileService$CallResult$Error.get(CompileService.kt:69)
	at org.jetbrains.kotlin.daemon.common.CompileService$CallResult$Error.get(CompileService.kt:65)
	at org.jetbrains.kotlin.compilerRunner.GradleKotlinCompilerWork.compileWithDaemon(GradleKotlinCompilerWork.kt:240)
	at org.jetbrains.kotlin.compilerRunner.GradleKotlinCompilerWork.compileWithDaemonOrFallbackImpl(GradleKotlinCompilerWork.kt:159)
	at org.jetbrains.kotlin.compilerRunner.GradleKotlinCompilerWork.run(GradleKotlinCompilerWork.kt:111)
	at org.jetbrains.kotlin.compilerRunner.GradleCompilerRunnerWithWorkers$GradleKotlinCompilerWorkAction.execute(GradleCompilerRunnerWithWorkers.kt:76)
	at org.gradle.workers.internal.DefaultWorkerServer.execute(DefaultWorkerServer.java:63)
	at org.gradle.workers.internal.NoIsolationWorkerFactory$1$1.create(NoIsolationWorkerFactory.java:66)
	at org.gradle.workers.internal.NoIsolationWorkerFactory$1$1.create(NoIsolationWorkerFactory.java:62)
	at org.gradle.internal.classloader.ClassLoaderUtils.executeInClassloader(ClassLoaderUtils.java:100)
	at org.gradle.workers.internal.NoIsolationWorkerFactory$1.lambda$execute$0(NoIsolationWorkerFactory.java:62)
	at org.gradle.workers.internal.AbstractWorker$1.call(AbstractWorker.java:44)
	at org.gradle.workers.internal.AbstractWorker$1.call(AbstractWorker.java:41)
	at org.gradle.internal.operations.DefaultBuildOperationRunner$CallableBuildOperationWorker.execute(DefaultBuildOperationRunner.java:209)
	at org.gradle.internal.operations.DefaultBuildOperationRunner$CallableBuildOperationWorker.execute(DefaultBuildOperationRunner.java:204)
	at org.gradle.internal.operations.DefaultBuildOperationRunner$2.execute(DefaultBuildOperationRunner.java:66)
	at org.gradle.internal.operations.DefaultBuildOperationRunner$2.execute(DefaultBuildOperationRunner.java:59)
	at org.gradle.internal.operations.DefaultBuildOperationRunner.execute(DefaultBuildOperationRunner.java:166)
	at org.gradle.internal.operations.DefaultBuildOperationRunner.execute(DefaultBuildOperationRunner.java:59)
	at org.gradle.internal.operations.DefaultBuildOperationRunner.call(DefaultBuildOperationRunner.java:53)
	at org.gradle.workers.internal.AbstractWorker.executeWrappedInBuildOperation(AbstractWorker.java:41)
	at org.gradle.workers.internal.NoIsolationWorkerFactory$1.execute(NoIsolationWorkerFactory.java:59)
	at org.gradle.workers.internal.DefaultWorkerExecutor.lambda$submitWork$0(DefaultWorkerExecutor.java:174)
	at java.base/java.util.concurrent.FutureTask.run(Unknown Source)
	at org.gradle.internal.work.DefaultConditionalExecutionQueue$ExecutionRunner.runExecution(DefaultConditionalExecutionQueue.java:194)
	at org.gradle.internal.work.DefaultConditionalExecutionQueue$ExecutionRunner.access$700(DefaultConditionalExecutionQueue.java:127)
	at org.gradle.internal.work.DefaultConditionalExecutionQueue$ExecutionRunner$1.run(DefaultConditionalExecutionQueue.java:169)
	at org.gradle.internal.Factories$1.create(Factories.java:31)
	at org.gradle.internal.work.DefaultWorkerLeaseService.withLocks(DefaultWorkerLeaseService.java:263)
	at org.gradle.internal.work.DefaultWorkerLeaseService.runAsWorkerThread(DefaultWorkerLeaseService.java:127)
	at org.gradle.internal.work.DefaultWorkerLeaseService.runAsWorkerThread(DefaultWorkerLeaseService.java:132)
	at org.gradle.internal.work.DefaultConditionalExecutionQueue$ExecutionRunner.runBatch(DefaultConditionalExecutionQueue.java:164)
	at org.gradle.internal.work.DefaultConditionalExecutionQueue$ExecutionRunner.run(DefaultConditionalExecutionQueue.java:133)
	at java.base/java.util.concurrent.Executors$RunnableAdapter.call(Unknown Source)
	at java.base/java.util.concurrent.FutureTask.run(Unknown Source)
	at org.gradle.internal.concurrent.ExecutorPolicy$CatchAndRecordFailures.onExecute(ExecutorPolicy.java:64)
	at org.gradle.internal.concurrent.AbstractManagedExecutor$1.run(AbstractManagedExecutor.java:48)
	at java.base/java.util.concurrent.ThreadPoolExecutor.runWorker(Unknown Source)
	at java.base/java.util.concurrent.ThreadPoolExecutor$Worker.run(Unknown Source)
	at java.base/java.lang.Thread.run(Unknown Source)
Caused by: java.nio.file.NoSuchFileException: C:\Users\Q1\AppData\Local\Temp\kotlin-backups18093707987471013923\28.backup -> C:\Users\Q1\Documents\eva\Task3\app\build\tmp\kotlin-classes\debug\ru\fefu\task_3\ui\screens\ListScreenKt$AnimeItem$1$1$2.class
	at java.base/sun.nio.fs.WindowsException.translateToIOException(WindowsException.java:85)
	at java.base/sun.nio.fs.WindowsException.rethrowAsIOException(WindowsException.java:103)
	at java.base/sun.nio.fs.WindowsFileCopy.move(WindowsFileCopy.java:414)
	at java.base/sun.nio.fs.WindowsFileSystemProvider.move(WindowsFileSystemProvider.java:291)
	at java.base/java.nio.file.Files.move(Files.java:1430)
	at org.jetbrains.kotlin.incremental.RecoverableCompilationTransaction.revertChanges(CompilationTransaction.kt:231)
	at org.jetbrains.kotlin.incremental.RecoverableCompilationTransaction.close(CompilationTransaction.kt:256)
	at org.jetbrains.kotlin.incremental.IncrementalCompilerRunner.tryCompileIncrementally(IncrementalCompilerRunner.kt:747)
	at org.jetbrains.kotlin.incremental.IncrementalCompilerRunner.compile(IncrementalCompilerRunner.kt:120)
	at org.jetbrains.kotlin.daemon.CompileServiceImplBase.execIncrementalCompiler(CompileServiceImpl.kt:675)
	at org.jetbrains.kotlin.daemon.CompileServiceImplBase.access$execIncrementalCompiler(CompileServiceImpl.kt:92)
	at org.jetbrains.kotlin.daemon.CompileServiceImpl.compile(CompileServiceImpl.kt:1660)
	at java.base/jdk.internal.reflect.DirectMethodHandleAccessor.invoke(DirectMethodHandleAccessor.java:103)
	at java.base/java.lang.reflect.Method.invoke(Method.java:580)
	at java.rmi/sun.rmi.server.UnicastServerRef.dispatch(UnicastServerRef.java:360)
	at java.rmi/sun.rmi.transport.Transport$1.run(Transport.java:200)
	at java.rmi/sun.rmi.transport.Transport$1.run(Transport.java:197)
	at java.base/java.security.AccessController.doPrivileged(AccessController.java:714)
	at java.rmi/sun.rmi.transport.Transport.serviceCall(Transport.java:196)
	at java.rmi/sun.rmi.transport.tcp.TCPTransport.handleMessages(TCPTransport.java:598)
	at java.rmi/sun.rmi.transport.tcp.TCPTransport$ConnectionHandler.run0(TCPTransport.java:844)
	at java.rmi/sun.rmi.transport.tcp.TCPTransport$ConnectionHandler.lambda$run$0(TCPTransport.java:721)
	at java.base/java.security.AccessController.doPrivileged(AccessController.java:400)
	at java.rmi/sun.rmi.transport.tcp.TCPTransport$ConnectionHandler.run(TCPTransport.java:720)
	at java.base/java.util.concurrent.ThreadPoolExecutor.runWorker(ThreadPoolExecutor.java:1144)
	at java.base/java.util.concurrent.ThreadPoolExecutor$Worker.run(ThreadPoolExecutor.java:642)
	at java.base/java.lang.Thread.run(Thread.java:1583)


